src/contexts/auth.context.tsx(75,52): error TS2339: Property 'isOnline' does not exist on type 'typeof ConnectivityService'.
src/contexts/auth.context.tsx(81,45): error TS2554: Expected 0 arguments, but got 2.
